2026-03-08 10:13:26 Loaded main app package /opt/Obsidian/resources/obsidian.asar
2026-03-08 10:13:44 Checking for update using Github
2026-03-08 10:13:44 Success.
2026-03-08 10:13:44 Latest version is 1.12.4
2026-03-08 10:13:44 App is up to date.
2026-03-08 10:13:45 Loaded main app package /opt/Obsidian/resources/obsidian.asar
2026-03-08 10:40:25 Loaded main app package /opt/Obsidian/resources/obsidian.asar
2026-03-08 10:40:25 Checking for update using Github
2026-03-08 10:40:25 Success.
2026-03-08 10:40:25 Latest version is 1.12.4
2026-03-08 10:40:25 App is up to date.
2026-03-08 11:40:25 Checking for update using Github
2026-03-08 11:40:25 Success.
2026-03-08 11:40:25 Latest version is 1.12.4
2026-03-08 11:40:25 App is up to date.
2026-03-08 12:40:25 Checking for update using Github
2026-03-08 12:40:25 Success.
2026-03-08 12:40:25 Latest version is 1.12.4
2026-03-08 12:40:25 App is up to date.
2026-03-08 13:40:25 Checking for update using Github
2026-03-08 13:40:25 Success.
2026-03-08 13:40:25 Latest version is 1.12.4
2026-03-08 13:40:25 App is up to date.
2026-03-08 14:24:14 Loaded main app package /opt/Obsidian/resources/obsidian.asar
2026-03-08 14:24:14 Checking for update using Github
2026-03-08 14:24:14 Success.
2026-03-08 14:24:14 Latest version is 1.12.4
2026-03-08 14:24:14 App is up to date.
2026-03-08 15:18:56 Loaded main app package /opt/Obsidian/resources/obsidian.asar
2026-03-08 15:18:56 Checking for update using Github
2026-03-08 15:18:56 Success.
2026-03-08 15:18:56 Latest version is 1.12.4
2026-03-08 15:18:56 App is up to date.
2026-03-11 05:57:27 Loaded main app package /opt/Obsidian/resources/obsidian.asar
2026-03-11 05:57:28 Checking for update using Github
2026-03-11 05:57:28 Success.
2026-03-11 05:57:28 Latest version is 1.12.4
2026-03-11 05:57:28 App is up to date.
2026-03-11 19:03:26 Loaded main app package /opt/Obsidian/resources/obsidian.asar
2026-03-11 19:03:42 Checking for update using Github
2026-03-11 19:03:42 Loaded main app package /opt/Obsidian/resources/obsidian.asar
2026-03-11 19:03:42 Success.
2026-03-11 19:03:42 Latest version is 1.12.4
2026-03-11 19:03:42 App is up to date.
2026-03-12 17:04:44 Loaded main app package /opt/Obsidian/resources/obsidian.asar
2026-03-12 17:04:45 Checking for update using Github
2026-03-12 17:04:45 Success.
2026-03-12 17:04:45 Latest version is 1.12.4
2026-03-12 17:04:45 App is up to date.
2026-03-15 11:21:23 Loaded main app package /opt/Obsidian/resources/obsidian.asar
2026-03-15 11:21:23 Checking for update using Github
2026-03-15 11:21:24 Success.
2026-03-15 11:21:24 Latest version is 1.12.4
2026-03-15 11:21:24 App is up to date.
2026-03-18 14:47:50 Loaded main app package /opt/Obsidian/resources/obsidian.asar
2026-03-18 14:47:50 Checking for update using Github
2026-03-18 14:47:50 Success.
2026-03-18 14:47:50 Latest version is 1.12.4
2026-03-18 14:47:50 App is up to date.
2026-03-18 15:47:50 Checking for update using Github
2026-03-18 15:47:50 Success.
2026-03-18 15:47:50 Latest version is 1.12.4
2026-03-18 15:47:50 App is up to date.
2026-03-18 16:47:50 Checking for update using Github
2026-03-18 16:47:50 Success.
2026-03-18 16:47:50 Latest version is 1.12.4
2026-03-18 16:47:50 App is up to date.
2026-03-18 17:47:50 Checking for update using Github
2026-03-18 17:47:50 Success.
2026-03-18 17:47:50 Latest version is 1.12.4
2026-03-18 17:47:50 App is up to date.
2026-03-18 18:47:50 Checking for update using Github
2026-03-18 18:47:51 Success.
2026-03-18 18:47:51 Latest version is 1.12.4
2026-03-18 18:47:51 App is up to date.
2026-03-18 19:47:50 Checking for update using Github
2026-03-18 19:47:50 Success.
2026-03-18 19:47:50 Latest version is 1.12.4
2026-03-18 19:47:50 App is up to date.
2026-03-22 14:03:16 Loaded main app package /opt/Obsidian/resources/obsidian.asar
2026-03-22 14:03:16 Checking for update using Github
2026-03-22 14:03:16 Success.
2026-03-22 14:03:16 Latest version is 1.12.4
2026-03-22 14:03:16 App is up to date.
2026-03-27 17:06:37 Loaded main app package /opt/Obsidian/resources/obsidian.asar
2026-03-27 17:06:37 Checking for update using Github
2026-03-27 17:06:37 Success.
2026-03-27 17:06:37 Latest version is 1.12.7
2026-03-27 17:06:37 App is up to date.
2026-04-06 11:59:52 Loaded main app package /opt/Obsidian/resources/obsidian.asar
2026-04-06 11:59:52 Checking for update using Github
2026-04-06 11:59:52 Success.
2026-04-06 11:59:52 Latest version is 1.12.7
2026-04-06 11:59:52 App is up to date.
2026-04-06 14:03:24 Loaded main app package /opt/Obsidian/resources/obsidian.asar
2026-04-06 14:03:25 Checking for update using Github
2026-04-06 14:03:25 Success.
2026-04-06 14:03:25 Latest version is 1.12.7
2026-04-06 14:03:25 App is up to date.
2026-04-06 15:03:24 Checking for update using Github
2026-04-06 15:03:24 Success.
2026-04-06 15:03:24 Latest version is 1.12.7
2026-04-06 15:03:24 App is up to date.
2026-04-06 16:03:24 Checking for update using Github
2026-04-06 16:03:24 Success.
2026-04-06 16:03:24 Latest version is 1.12.7
2026-04-06 16:03:24 App is up to date.
2026-04-06 17:03:24 Checking for update using Github
2026-04-06 17:03:24 Success.
2026-04-06 17:03:24 Latest version is 1.12.7
2026-04-06 17:03:24 App is up to date.
2026-04-06 18:03:25 Checking for update using Github
2026-04-06 18:03:25 Success.
2026-04-06 18:03:25 Latest version is 1.12.7
2026-04-06 18:03:25 App is up to date.
2026-04-06 19:03:25 Checking for update using Github
2026-04-06 19:03:25 Success.
2026-04-06 19:03:25 Latest version is 1.12.7
2026-04-06 19:03:25 App is up to date.
2026-04-07 15:44:21 Loaded main app package /opt/Obsidian/resources/obsidian.asar
2026-04-07 15:44:22 Checking for update using Github
2026-04-07 15:44:22 Success.
2026-04-07 15:44:22 Latest version is 1.12.7
2026-04-07 15:44:22 App is up to date.
2026-04-07 18:00:32 Loaded main app package /opt/Obsidian/resources/obsidian.asar
2026-04-07 18:00:32 Checking for update using Github
2026-04-07 18:00:32 Success.
2026-04-07 18:00:32 Latest version is 1.12.7
2026-04-07 18:00:32 App is up to date.
2026-08-05 01:52:37 Loaded main app package /usr/lib/obsidian/obsidian.asar
2026-08-05 01:52:38 Checking for update using Github
2026-08-05 01:52:38 Success.
2026-08-05 01:52:38 Latest version is 1.13.4
2026-08-05 01:52:38 App is up to date.
2026-08-05 02:11:13 Loaded main app package /usr/lib/obsidian/obsidian.asar
2026-08-05 02:11:13 Checking for update using Github
2026-08-05 02:11:18 Success.
2026-08-05 02:11:18 Latest version is 1.13.4
2026-08-05 02:11:18 App is up to date.
2026-08-05 03:11:13 Checking for update using Github
2026-08-05 03:11:14 Success.
2026-08-05 03:11:14 Latest version is 1.13.4
2026-08-05 03:11:14 App is up to date.
2026-08-05 23:00:36 Loaded main app package /usr/lib/obsidian/obsidian.asar
2026-08-05 23:00:36 Checking for update using Github
2026-08-05 23:00:37 Success.
2026-08-05 23:00:37 Latest version is 1.13.4
2026-08-05 23:00:37 App is up to date.
2026-08-06 01:26:20 Loaded main app package /usr/lib/obsidian/obsidian.asar
2026-08-06 01:26:21 Checking for update using Github
2026-08-06 01:26:21 Success.
2026-08-06 01:26:21 Latest version is 1.13.4
2026-08-06 01:26:21 App is up to date.
2026-08-06 02:06:01 Loaded main app package /usr/lib/obsidian/obsidian.asar
2026-08-06 02:06:01 Checking for update using Github
2026-08-06 02:06:01 Success.
2026-08-06 02:06:01 Latest version is 1.13.4
2026-08-06 02:06:01 App is up to date.
2026-08-06 02:10:08 Loaded main app package /usr/lib/obsidian/obsidian.asar
2026-08-06 02:10:08 Checking for update using Github
2026-08-06 02:10:08 Success.
2026-08-06 02:10:08 Latest version is 1.13.4
2026-08-06 02:10:08 App is up to date.
2026-08-06 13:43:47 Loaded main app package /usr/lib/obsidian/obsidian.asar
2026-08-06 13:43:48 Checking for update using Github
2026-08-06 13:43:48 Success.
2026-08-06 13:43:48 Latest version is 1.13.4
2026-08-06 13:43:48 App is up to date.
2026-08-06 15:46:06 Loaded main app package /usr/lib/obsidian/obsidian.asar
2026-08-06 15:46:06 Checking for update using Github
2026-08-06 15:46:06 Success.
2026-08-06 15:46:06 Latest version is 1.13.4
2026-08-06 15:46:06 App is up to date.
2026-08-06 21:05:16 Loaded main app package /usr/lib/obsidian/obsidian.asar
2026-08-06 21:05:16 Checking for update using Github
2026-08-06 21:05:16 Success.
2026-08-06 21:05:16 Latest version is 1.13.4
2026-08-06 21:05:16 App is up to date.
2026-08-06 21:23:35 Loaded main app package /usr/lib/obsidian/obsidian.asar
2026-08-06 21:23:35 Checking for update using Github
2026-08-06 21:23:35 Success.
2026-08-06 21:23:35 Latest version is 1.13.4
2026-08-06 21:23:35 App is up to date.
2026-08-06 22:45:51 Loaded main app package /usr/lib/obsidian/obsidian.asar
2026-08-06 22:45:52 Checking for update using Github
2026-08-06 22:45:52 Success.
2026-08-06 22:45:52 Latest version is 1.13.4
2026-08-06 22:45:52 App is up to date.
2026-08-06 23:45:51 Checking for update using Github
2026-08-06 23:45:51 Success.
2026-08-06 23:45:51 Latest version is 1.13.4
2026-08-06 23:45:51 App is up to date.
2026-08-07 00:45:51 Checking for update using Github
2026-08-07 00:45:51 Success.
2026-08-07 00:45:51 Latest version is 1.13.4
2026-08-07 00:45:51 App is up to date.
2026-08-07 13:13:08 Loaded main app package /usr/lib/obsidian/obsidian.asar
2026-08-07 13:13:08 Checking for update using Github
2026-08-07 13:13:08 Success.
2026-08-07 13:13:08 Latest version is 1.13.4
2026-08-07 13:13:08 App is up to date.
2026-08-07 15:53:15 Loaded main app package /usr/lib/obsidian/obsidian.asar
2026-08-07 15:53:15 Checking for update using Github
2026-08-07 15:53:15 Success.
2026-08-07 15:53:15 Latest version is 1.13.4
2026-08-07 15:53:15 App is up to date.
2026-08-07 16:03:38 Loaded main app package /usr/lib/obsidian/obsidian.asar
2026-08-07 16:03:38 Checking for update using Github
2026-08-07 16:03:38 Success.
2026-08-07 16:03:38 Latest version is 1.13.4
2026-08-07 16:03:38 App is up to date.
2026-08-07 19:47:58 Loaded main app package /usr/lib/obsidian/obsidian.asar
2026-08-07 19:47:58 Checking for update using Github
2026-08-07 19:47:59 Success.
2026-08-07 19:47:59 Latest version is 1.13.4
2026-08-07 19:47:59 App is up to date.
2026-08-07 20:47:58 Checking for update using Github
2026-08-07 20:47:58 Success.
2026-08-07 20:47:58 Latest version is 1.13.4
2026-08-07 20:47:58 App is up to date.
2026-08-07 20:52:15 Loaded main app package /usr/lib/obsidian/obsidian.asar
2026-08-07 20:52:15 Checking for update using Github
2026-08-07 20:52:15 Success.
2026-08-07 20:52:15 Latest version is 1.13.4
2026-08-07 20:52:15 App is up to date.
2026-08-07 21:52:15 Checking for update using Github
2026-08-07 21:52:15 Success.
2026-08-07 21:52:15 Latest version is 1.13.4
2026-08-07 21:52:15 App is up to date.
2026-08-07 22:14:20 Loaded main app package /usr/lib/obsidian/obsidian.asar
2026-08-07 22:14:20 Checking for update using Github
2026-08-07 22:14:20 Success.
2026-08-07 22:14:20 Latest version is 1.13.4
2026-08-07 22:14:20 App is up to date.
2026-08-07 23:14:20 Checking for update using Github
2026-08-07 23:14:20 Success.
2026-08-07 23:14:20 Latest version is 1.13.4
2026-08-07 23:14:20 App is up to date.
2026-08-08 00:14:20 Checking for update using Github
2026-08-08 00:14:20 Success.
2026-08-08 00:14:20 Latest version is 1.13.4
2026-08-08 00:14:20 App is up to date.
2026-08-08 01:14:20 Checking for update using Github
2026-08-08 01:14:20 Success.
2026-08-08 01:14:20 Latest version is 1.13.4
2026-08-08 01:14:20 App is up to date.
2026-08-08 02:14:20 Checking for update using Github
2026-08-08 02:14:20 Success.
2026-08-08 02:14:20 Latest version is 1.13.4
2026-08-08 02:14:20 App is up to date.
2026-08-08 03:14:20 Checking for update using Github
2026-08-08 03:14:20 Success.
2026-08-08 03:14:20 Latest version is 1.13.4
2026-08-08 03:14:20 App is up to date.
2026-08-08 04:14:20 Checking for update using Github
2026-08-08 04:14:20 Success.
2026-08-08 04:14:20 Latest version is 1.13.4
2026-08-08 04:14:20 App is up to date.
2026-08-08 05:14:20 Checking for update using Github
2026-08-08 05:14:20 Success.
2026-08-08 05:14:20 Latest version is 1.13.4
2026-08-08 05:14:20 App is up to date.
2026-08-08 06:14:20 Checking for update using Github
2026-08-08 06:14:20 Success.
2026-08-08 06:14:20 Latest version is 1.13.4
2026-08-08 06:14:20 App is up to date.
2026-08-08 07:14:20 Checking for update using Github
2026-08-08 07:14:20 Success.
2026-08-08 07:14:20 Latest version is 1.13.4
2026-08-08 07:14:20 App is up to date.
2026-08-08 08:14:20 Checking for update using Github
2026-08-08 08:14:20 Success.
2026-08-08 08:14:20 Latest version is 1.13.4
2026-08-08 08:14:20 App is up to date.
2026-08-08 09:14:20 Checking for update using Github
2026-08-08 09:14:20 Success.
2026-08-08 09:14:20 Latest version is 1.13.4
2026-08-08 09:14:20 App is up to date.
2026-08-08 10:14:20 Checking for update using Github
2026-08-08 10:14:20 Success.
2026-08-08 10:14:20 Latest version is 1.13.4
2026-08-08 10:14:20 App is up to date.
2026-08-08 11:14:20 Checking for update using Github
2026-08-08 11:14:20 Success.
2026-08-08 11:14:20 Latest version is 1.13.4
2026-08-08 11:14:20 App is up to date.
2026-08-08 12:14:20 Checking for update using Github
2026-08-08 12:14:20 Success.
2026-08-08 12:14:20 Latest version is 1.13.4
2026-08-08 12:14:20 App is up to date.
2026-08-08 13:14:20 Checking for update using Github
2026-08-08 13:14:20 Success.
2026-08-08 13:14:20 Latest version is 1.13.4
2026-08-08 13:14:20 App is up to date.
2026-08-08 14:14:20 Checking for update using Github
2026-08-08 14:14:20 Success.
2026-08-08 14:14:20 Latest version is 1.13.4
2026-08-08 14:14:20 App is up to date.
2026-08-08 15:14:20 Checking for update using Github
2026-08-08 15:14:20 Success.
2026-08-08 15:14:20 Latest version is 1.13.4
2026-08-08 15:14:20 App is up to date.
2026-08-08 16:14:20 Checking for update using Github
2026-08-08 16:14:20 Success.
2026-08-08 16:14:20 Latest version is 1.13.4
2026-08-08 16:14:20 App is up to date.
2026-08-08 17:14:20 Checking for update using Github
2026-08-08 17:14:20 Success.
2026-08-08 17:14:20 Latest version is 1.13.4
2026-08-08 17:14:20 App is up to date.
2026-08-08 18:14:20 Checking for update using Github
2026-08-08 18:14:20 Success.
2026-08-08 18:14:20 Latest version is 1.13.4
2026-08-08 18:14:20 App is up to date.
2026-08-08 19:14:20 Checking for update using Github
2026-08-08 19:14:20 Success.
2026-08-08 19:14:20 Latest version is 1.13.4
2026-08-08 19:14:20 App is up to date.
2026-08-08 21:10:55 Loaded main app package /usr/lib/obsidian/obsidian.asar
2026-08-08 21:10:55 Checking for update using Github
2026-08-08 21:10:55 Success.
2026-08-08 21:10:55 Latest version is 1.13.4
2026-08-08 21:10:55 App is up to date.
2026-08-08 22:10:55 Checking for update using Github
2026-08-08 22:10:55 Success.
2026-08-08 22:10:55 Latest version is 1.13.4
2026-08-08 22:10:55 App is up to date.
2026-08-08 23:10:55 Checking for update using Github
2026-08-08 23:10:55 Success.
2026-08-08 23:10:55 Latest version is 1.13.4
2026-08-08 23:10:55 App is up to date.
2026-08-09 00:10:55 Checking for update using Github
2026-08-09 00:10:55 Success.
2026-08-09 00:10:55 Latest version is 1.13.4
2026-08-09 00:10:55 App is up to date.
2026-08-09 01:10:55 Checking for update using Github
2026-08-09 01:10:55 Success.
2026-08-09 01:10:55 Latest version is 1.13.4
2026-08-09 01:10:55 App is up to date.
2026-08-09 02:10:55 Checking for update using Github
2026-08-09 02:10:55 Success.
2026-08-09 02:10:55 Latest version is 1.13.4
2026-08-09 02:10:55 App is up to date.
2026-08-09 03:10:55 Checking for update using Github
2026-08-09 03:10:55 Success.
2026-08-09 03:10:55 Latest version is 1.13.4
2026-08-09 03:10:55 App is up to date.
2026-08-09 04:10:55 Checking for update using Github
2026-08-09 04:10:55 Success.
2026-08-09 04:10:55 Latest version is 1.13.4
2026-08-09 04:10:55 App is up to date.
2026-08-09 05:10:55 Checking for update using Github
2026-08-09 05:10:55 Success.
2026-08-09 05:10:55 Latest version is 1.13.4
2026-08-09 05:10:55 App is up to date.
2026-08-09 06:10:55 Checking for update using Github
2026-08-09 06:10:55 Success.
2026-08-09 06:10:55 Latest version is 1.13.4
2026-08-09 06:10:55 App is up to date.
2026-08-09 07:10:55 Checking for update using Github
2026-08-09 07:10:55 Success.
2026-08-09 07:10:55 Latest version is 1.13.4
2026-08-09 07:10:55 App is up to date.
2026-08-09 08:10:55 Checking for update using Github
2026-08-09 08:10:55 Success.
2026-08-09 08:10:55 Latest version is 1.13.4
2026-08-09 08:10:55 App is up to date.
2026-08-09 09:10:55 Checking for update using Github
2026-08-09 09:10:55 Success.
2026-08-09 09:10:55 Latest version is 1.13.4
2026-08-09 09:10:55 App is up to date.
2026-08-09 10:10:55 Checking for update using Github
2026-08-09 10:10:55 Success.
2026-08-09 10:10:55 Latest version is 1.13.4
2026-08-09 10:10:55 App is up to date.
2026-08-09 11:10:55 Checking for update using Github
2026-08-09 11:10:55 Success.
2026-08-09 11:10:55 Latest version is 1.13.4
2026-08-09 11:10:55 App is up to date.
2026-08-09 12:10:55 Checking for update using Github
2026-08-09 12:10:55 Success.
2026-08-09 12:10:55 Latest version is 1.13.4
2026-08-09 12:10:55 App is up to date.
2026-08-09 13:10:55 Checking for update using Github
2026-08-09 13:10:55 Success.
2026-08-09 13:10:55 Latest version is 1.13.4
2026-08-09 13:10:55 App is up to date.
2026-08-09 14:10:55 Checking for update using Github
2026-08-09 14:10:55 Success.
2026-08-09 14:10:55 Latest version is 1.13.4
2026-08-09 14:10:55 App is up to date.
2026-08-09 15:10:55 Checking for update using Github
2026-08-09 15:10:55 Success.
2026-08-09 15:10:55 Latest version is 1.13.4
2026-08-09 15:10:55 App is up to date.
2026-08-09 16:10:55 Checking for update using Github
2026-08-09 16:10:55 Success.
2026-08-09 16:10:55 Latest version is 1.13.4
2026-08-09 16:10:55 App is up to date.
2026-08-09 17:10:55 Checking for update using Github
2026-08-09 17:10:55 Success.
2026-08-09 17:10:55 Latest version is 1.13.4
2026-08-09 17:10:55 App is up to date.
2026-08-09 18:10:55 Checking for update using Github
2026-08-09 18:10:55 Success.
2026-08-09 18:10:55 Latest version is 1.13.4
2026-08-09 18:10:55 App is up to date.
2026-08-09 19:10:55 Checking for update using Github
2026-08-09 19:10:55 Success.
2026-08-09 19:10:55 Latest version is 1.13.4
2026-08-09 19:10:55 App is up to date.
2026-08-09 20:10:55 Checking for update using Github
2026-08-09 20:10:55 Success.
2026-08-09 20:10:55 Latest version is 1.13.4
2026-08-09 20:10:55 App is up to date.
2026-08-09 21:10:55 Checking for update using Github
2026-08-09 21:10:55 Success.
2026-08-09 21:10:55 Latest version is 1.13.4
2026-08-09 21:10:55 App is up to date.
2026-08-09 22:10:55 Checking for update using Github
2026-08-09 22:10:55 Success.
2026-08-09 22:10:55 Latest version is 1.13.4
2026-08-09 22:10:55 App is up to date.
2026-08-09 23:10:55 Checking for update using Github
2026-08-09 23:10:55 Success.
2026-08-09 23:10:55 Latest version is 1.13.4
2026-08-09 23:10:55 App is up to date.
2026-08-10 00:10:55 Checking for update using Github
2026-08-10 00:10:55 Success.
2026-08-10 00:10:55 Latest version is 1.13.4
2026-08-10 00:10:55 App is up to date.
2026-08-10 01:10:55 Checking for update using Github
2026-08-10 01:10:55 Success.
2026-08-10 01:10:55 Latest version is 1.13.4
2026-08-10 01:10:55 App is up to date.
2026-08-10 01:28:47 Loaded main app package /usr/lib/obsidian/obsidian.asar
2026-08-10 01:28:47 Checking for update using Github
2026-08-10 01:28:47 Success.
2026-08-10 01:28:47 Latest version is 1.13.4
2026-08-10 01:28:47 App is up to date.
2026-08-10 02:28:47 Checking for update using Github
2026-08-10 02:28:47 Success.
2026-08-10 02:28:47 Latest version is 1.13.4
2026-08-10 02:28:47 App is up to date.
2026-08-13 02:04:58 Loaded main app package /usr/lib/obsidian/obsidian.asar
2026-08-13 02:04:58 Checking for update using Github
2026-08-13 02:04:58 Success.
2026-08-13 02:04:58 Latest version is 1.13.7
2026-08-13 02:04:58 Downloading update from https://github.com/obsidianmd/obsidian-releases/releases/download/v1.13.7/obsidian-1.13.7.asar.gz
2026-08-13 02:04:59 Verifying hash & signature. Size= 8773048
2026-08-13 02:04:59 Saving file
2026-08-13 02:05:00 Update complete.
2026-08-13 03:04:58 Checking for update using Github
2026-08-13 03:04:58 Success.
2026-08-13 03:04:58 Latest version is 1.13.7
2026-08-13 03:04:58 An update is already downloaded.
2026-08-13 18:17:05 Loaded updated app /home/espadia/.config/obsidian/obsidian-1.13.7.asar
2026-08-13 18:17:05 Checking for update using Github
2026-08-13 18:17:05 Success.
2026-08-13 18:17:05 Latest version is 1.13.7
2026-08-13 18:17:05 App is up to date.
2026-08-13 19:17:05 Checking for update using Github
2026-08-13 19:17:05 Success.
2026-08-13 19:17:05 Latest version is 1.13.7
2026-08-13 19:17:05 App is up to date.
2026-08-13 20:17:05 Checking for update using Github
2026-08-13 20:17:05 Success.
2026-08-13 20:17:05 Latest version is 1.13.7
2026-08-13 20:17:05 App is up to date.
2026-08-13 21:17:05 Checking for update using Github
2026-08-13 21:17:05 Success.
2026-08-13 21:17:05 Latest version is 1.13.7
2026-08-13 21:17:05 App is up to date.
2026-08-13 22:17:05 Checking for update using Github
2026-08-13 22:17:05 Success.
2026-08-13 22:17:05 Latest version is 1.13.7
2026-08-13 22:17:05 App is up to date.
2026-08-13 23:17:05 Checking for update using Github
2026-08-13 23:17:05 Success.
2026-08-13 23:17:05 Latest version is 1.13.7
2026-08-13 23:17:05 App is up to date.
2026-08-14 00:17:05 Checking for update using Github
2026-08-14 00:17:05 Success.
2026-08-14 00:17:05 Latest version is 1.13.7
2026-08-14 00:17:05 App is up to date.
2026-08-14 01:17:05 Checking for update using Github
2026-08-14 01:17:05 Success.
2026-08-14 01:17:05 Latest version is 1.13.7
2026-08-14 01:17:05 App is up to date.
2026-08-14 02:17:05 Checking for update using Github
2026-08-14 02:17:05 Success.
2026-08-14 02:17:05 Latest version is 1.13.7
2026-08-14 02:17:05 App is up to date.
2026-08-14 19:31:11 Loaded updated app /home/espadia/.config/obsidian/obsidian-1.13.7.asar
2026-08-14 19:31:11 Checking for update using Github
2026-08-14 19:31:11 Success.
2026-08-14 19:31:11 Latest version is 1.13.7
2026-08-14 19:31:11 App is up to date.
2026-08-15 18:38:39 Loaded updated app /home/espadia/.config/obsidian/obsidian-1.13.7.asar
2026-08-15 18:38:39 Checking for update using Github
2026-08-15 18:38:39 Success.
2026-08-15 18:38:39 Latest version is 1.13.7
2026-08-15 18:38:39 App is up to date.
2026-08-16 02:17:21 Loaded updated app /home/espadia/.config/obsidian/obsidian-1.13.7.asar
2026-08-16 02:17:21 Checking for update using Github
2026-08-16 02:17:21 Success.
2026-08-16 02:17:21 Latest version is 1.13.7
2026-08-16 02:17:21 App is up to date.
2026-08-17 15:13:01 Loaded updated app /home/espadia/.config/obsidian/obsidian-1.13.7.asar
2026-08-17 15:13:01 Checking for update using Github
2026-08-17 15:15:00 Failed to check for update using Github (Unexpected token '<', "
<?xml vers"... is not valid JSON)
2026-08-17 15:15:00 Checking for update using obsidian.md
2026-08-17 15:15:01 Failed to check for update using obsidian.md (Unexpected end of JSON input)
2026-08-17 16:13:01 Checking for update using Github
2026-08-17 16:14:42 Failed to check for update using Github (Unexpected token '<', "
<?xml vers"... is not valid JSON)
2026-08-17 16:14:42 Checking for update using obsidian.md
2026-08-17 16:14:42 Failed to check for update using obsidian.md (Unexpected end of JSON input)
2026-08-17 17:13:01 Checking for update using Github
2026-08-17 17:13:01 Success.
2026-08-17 17:13:01 Latest version is 1.13.7
2026-08-17 17:13:01 App is up to date.
2026-08-17 18:13:01 Checking for update using Github
2026-08-17 18:13:01 Success.
2026-08-17 18:13:01 Latest version is 1.13.7
2026-08-17 18:13:01 App is up to date.
2026-08-17 19:13:01 Checking for update using Github
2026-08-17 19:13:01 Success.
2026-08-17 19:13:01 Latest version is 1.13.7
2026-08-17 19:13:01 App is up to date.
2026-08-17 20:13:01 Checking for update using Github
2026-08-17 20:13:01 Success.
2026-08-17 20:13:01 Latest version is 1.13.7
2026-08-17 20:13:01 App is up to date.
2026-08-17 21:13:01 Checking for update using Github
2026-08-17 21:13:01 Success.
2026-08-17 21:13:01 Latest version is 1.13.7
2026-08-17 21:13:01 App is up to date.
2026-08-17 22:13:01 Checking for update using Github
2026-08-17 22:13:01 Success.
2026-08-17 22:13:01 Latest version is 1.13.7
2026-08-17 22:13:01 App is up to date.
2026-08-17 23:13:01 Checking for update using Github
2026-08-17 23:13:01 Success.
2026-08-17 23:13:01 Latest version is 1.13.7
2026-08-17 23:13:01 App is up to date.
2026-08-18 00:13:01 Checking for update using Github
2026-08-18 00:13:01 Success.
2026-08-18 00:13:01 Latest version is 1.13.7
2026-08-18 00:13:01 App is up to date.
2026-08-18 01:13:01 Checking for update using Github
2026-08-18 01:13:01 Success.
2026-08-18 01:13:01 Latest version is 1.13.7
2026-08-18 01:13:01 App is up to date.
2026-08-18 15:39:13 Loaded updated app /home/espadia/.config/obsidian/obsidian-1.13.7.asar
2026-08-18 15:39:14 Checking for update using Github
2026-08-18 15:39:14 Success.
2026-08-18 15:39:14 Latest version is 1.13.7
2026-08-18 15:39:14 App is up to date.
2026-08-18 23:12:22 Loaded updated app /home/espadia/.config/obsidian/obsidian-1.13.7.asar
2026-08-18 23:12:23 Checking for update using Github
2026-08-18 23:12:23 Success.
2026-08-18 23:12:23 Latest version is 1.13.7
2026-08-18 23:12:23 App is up to date.
2026-08-19 00:12:22 Checking for update using Github
2026-08-19 00:12:22 Success.
2026-08-19 00:12:22 Latest version is 1.13.7
2026-08-19 00:12:22 App is up to date.
2026-08-19 01:12:22 Checking for update using Github
2026-08-19 01:12:22 Success.
2026-08-19 01:12:22 Latest version is 1.13.7
2026-08-19 01:12:22 App is up to date.
2026-08-19 02:12:22 Checking for update using Github
2026-08-19 02:12:22 Success.
2026-08-19 02:12:22 Latest version is 1.13.7
2026-08-19 02:12:22 App is up to date.
2026-08-19 03:12:22 Checking for update using Github
2026-08-19 03:12:22 Success.
2026-08-19 03:12:22 Latest version is 1.13.7
2026-08-19 03:12:22 App is up to date.
2026-08-19 03:22:28 Loaded updated app /home/espadia/.config/obsidian/obsidian-1.13.7.asar
2026-08-19 03:22:28 Checking for update using Github
2026-08-19 03:22:28 Success.
2026-08-19 03:22:28 Latest version is 1.13.7
2026-08-19 03:22:28 App is up to date.
2026-08-19 03:23:05 Loaded updated app /home/espadia/.config/obsidian/obsidian-1.13.7.asar
2026-08-19 03:23:05 Checking for update using Github
2026-08-19 03:23:05 Success.
2026-08-19 03:23:05 Latest version is 1.13.7
2026-08-19 03:23:05 App is up to date.
2026-08-20 15:23:54 Loaded updated app /home/espadia/.config/obsidian/obsidian-1.13.7.asar
2026-08-20 15:23:55 Checking for update using Github
2026-08-20 15:23:55 Success.
2026-08-20 15:23:55 Latest version is 1.13.7
2026-08-20 15:23:55 App is up to date.
2026-08-20 18:22:34 Loaded updated app /home/espadia/.config/obsidian/obsidian-1.13.7.asar
2026-08-20 18:22:34 Checking for update using Github
2026-08-20 18:22:34 Success.
2026-08-20 18:22:34 Latest version is 1.13.7
2026-08-20 18:22:34 App is up to date.
2026-08-20 19:22:34 Checking for update using Github
2026-08-20 19:22:34 Success.
2026-08-20 19:22:34 Latest version is 1.13.7
2026-08-20 19:22:34 App is up to date.
2026-08-20 22:04:14 Loaded updated app /home/espadia/.config/obsidian/obsidian-1.13.7.asar
2026-08-20 22:04:14 Checking for update using Github
2026-08-20 22:04:15 Success.
2026-08-20 22:04:15 Latest version is 1.13.7
2026-08-20 22:04:15 App is up to date.
2026-08-20 23:04:14 Checking for update using Github
2026-08-20 23:04:14 Success.
2026-08-20 23:04:14 Latest version is 1.13.7
2026-08-20 23:04:14 App is up to date.
2026-08-21 00:04:14 Checking for update using Github
2026-08-21 00:04:14 Success.
2026-08-21 00:04:14 Latest version is 1.13.7
2026-08-21 00:04:14 App is up to date.
2026-08-21 01:04:14 Checking for update using Github
2026-08-21 01:04:14 Success.
2026-08-21 01:04:14 Latest version is 1.13.7
2026-08-21 01:04:14 App is up to date.
2026-08-21 02:04:14 Checking for update using Github
2026-08-21 02:04:14 Success.
2026-08-21 02:04:14 Latest version is 1.13.7
2026-08-21 02:04:14 App is up to date.
2026-08-21 03:04:14 Checking for update using Github
2026-08-21 03:04:14 Success.
2026-08-21 03:04:14 Latest version is 1.13.7
2026-08-21 03:04:14 App is up to date.
2026-08-21 04:04:14 Checking for update using Github
2026-08-21 04:04:14 Success.
2026-08-21 04:04:14 Latest version is 1.13.7
2026-08-21 04:04:14 App is up to date.
2026-08-21 05:04:14 Checking for update using Github
2026-08-21 05:04:14 Success.
2026-08-21 05:04:14 Latest version is 1.13.7
2026-08-21 05:04:14 App is up to date.
2026-08-21 06:04:14 Checking for update using Github
2026-08-21 06:04:14 Success.
2026-08-21 06:04:14 Latest version is 1.13.7
2026-08-21 06:04:14 App is up to date.
2026-08-21 07:04:14 Checking for update using Github
2026-08-21 07:04:14 Success.
2026-08-21 07:04:14 Latest version is 1.13.7
2026-08-21 07:04:14 App is up to date.
2026-08-21 08:04:14 Checking for update using Github
2026-08-21 08:04:14 Success.
2026-08-21 08:04:14 Latest version is 1.13.7
2026-08-21 08:04:14 App is up to date.
2026-08-21 09:04:14 Checking for update using Github
2026-08-21 09:04:14 Success.
2026-08-21 09:04:14 Latest version is 1.13.7
2026-08-21 09:04:14 App is up to date.
2026-08-21 10:04:14 Checking for update using Github
2026-08-21 10:04:14 Success.
2026-08-21 10:04:14 Latest version is 1.13.7
2026-08-21 10:04:14 App is up to date.
2026-08-21 11:04:14 Checking for update using Github
2026-08-21 11:04:14 Success.
2026-08-21 11:04:14 Latest version is 1.13.7
2026-08-21 11:04:14 App is up to date.
2026-08-21 12:04:14 Checking for update using Github
2026-08-21 12:04:14 Success.
2026-08-21 12:04:14 Latest version is 1.13.7
2026-08-21 12:04:14 App is up to date.
2026-08-21 13:04:14 Checking for update using Github
2026-08-21 13:04:14 Success.
2026-08-21 13:04:14 Latest version is 1.13.7
2026-08-21 13:04:14 App is up to date.
2026-08-21 14:04:14 Checking for update using Github
2026-08-21 14:04:14 Success.
2026-08-21 14:04:14 Latest version is 1.13.7
2026-08-21 14:04:14 App is up to date.
2026-08-21 15:04:14 Checking for update using Github
2026-08-21 15:04:14 Success.
2026-08-21 15:04:14 Latest version is 1.13.7
2026-08-21 15:04:14 App is up to date.
2026-08-21 16:04:14 Checking for update using Github
2026-08-21 16:04:14 Success.
2026-08-21 16:04:14 Latest version is 1.13.7
2026-08-21 16:04:14 App is up to date.
2026-08-21 17:04:14 Checking for update using Github
2026-08-21 17:04:14 Success.
2026-08-21 17:04:14 Latest version is 1.13.7
2026-08-21 17:04:14 App is up to date.
2026-08-21 18:04:14 Checking for update using Github
2026-08-21 18:04:14 Success.
2026-08-21 18:04:14 Latest version is 1.13.7
2026-08-21 18:04:14 App is up to date.
2026-08-21 19:04:14 Checking for update using Github
2026-08-21 19:04:14 Success.
2026-08-21 19:04:14 Latest version is 1.13.7
2026-08-21 19:04:14 App is up to date.
2026-08-21 20:04:14 Checking for update using Github
2026-08-21 20:04:14 Success.
2026-08-21 20:04:14 Latest version is 1.13.7
2026-08-21 20:04:14 App is up to date.
2026-08-21 21:04:14 Checking for update using Github
2026-08-21 21:04:14 Success.
2026-08-21 21:04:14 Latest version is 1.13.7
2026-08-21 21:04:14 App is up to date.
2026-08-21 22:04:14 Checking for update using Github
2026-08-21 22:04:14 Success.
2026-08-21 22:04:14 Latest version is 1.13.7
2026-08-21 22:04:14 App is up to date.
2026-08-21 23:04:14 Checking for update using Github
2026-08-21 23:04:14 Success.
2026-08-21 23:04:14 Latest version is 1.13.7
2026-08-21 23:04:14 App is up to date.
2026-08-22 00:04:14 Checking for update using Github
2026-08-22 00:04:14 Success.
2026-08-22 00:04:14 Latest version is 1.13.7
2026-08-22 00:04:14 App is up to date.
2026-08-22 01:04:14 Checking for update using Github
2026-08-22 01:04:14 Success.
2026-08-22 01:04:14 Latest version is 1.13.7
2026-08-22 01:04:14 App is up to date.
2026-08-22 02:04:14 Checking for update using Github
2026-08-22 02:04:14 Success.
2026-08-22 02:04:14 Latest version is 1.13.7
2026-08-22 02:04:14 App is up to date.
2026-08-22 03:04:14 Checking for update using Github
2026-08-22 03:04:14 Success.
2026-08-22 03:04:14 Latest version is 1.13.7
2026-08-22 03:04:14 App is up to date.
2026-08-22 04:04:14 Checking for update using Github
2026-08-22 04:04:14 Success.
2026-08-22 04:04:14 Latest version is 1.13.7
2026-08-22 04:04:14 App is up to date.
2026-08-22 05:04:14 Checking for update using Github
2026-08-22 05:04:14 Success.
2026-08-22 05:04:14 Latest version is 1.13.7
2026-08-22 05:04:14 App is up to date.
2026-08-22 06:04:14 Checking for update using Github
2026-08-22 06:04:14 Success.
2026-08-22 06:04:14 Latest version is 1.13.7
2026-08-22 06:04:14 App is up to date.
2026-08-22 07:04:14 Checking for update using Github
2026-08-22 07:04:14 Success.
2026-08-22 07:04:14 Latest version is 1.13.7
2026-08-22 07:04:14 App is up to date.
2026-08-22 08:04:14 Checking for update using Github
2026-08-22 08:04:14 Success.
2026-08-22 08:04:14 Latest version is 1.13.7
2026-08-22 08:04:14 App is up to date.
2026-08-22 09:04:14 Checking for update using Github
2026-08-22 09:04:14 Success.
2026-08-22 09:04:14 Latest version is 1.13.7
2026-08-22 09:04:14 App is up to date.
2026-08-22 10:04:15 Checking for update using Github
2026-08-22 10:04:15 Success.
2026-08-22 10:04:15 Latest version is 1.13.7
2026-08-22 10:04:15 App is up to date.
2026-08-22 11:04:14 Checking for update using Github
2026-08-22 11:04:15 Success.
2026-08-22 11:04:15 Latest version is 1.13.7
2026-08-22 11:04:15 App is up to date.
2026-08-22 12:04:14 Checking for update using Github
2026-08-22 12:04:15 Success.
2026-08-22 12:04:15 Latest version is 1.13.7
2026-08-22 12:04:15 App is up to date.
2026-08-23 15:46:47 Loaded updated app /home/espadia/.config/obsidian/obsidian-1.13.7.asar
2026-08-23 15:46:47 Checking for update using Github
2026-08-23 15:46:47 Success.
2026-08-23 15:46:47 Latest version is 1.13.7
2026-08-23 15:46:47 App is up to date.
2026-08-23 18:54:53 Loaded updated app /home/espadia/.config/obsidian/obsidian-1.13.7.asar
2026-08-23 18:54:53 Checking for update using Github
2026-08-23 18:54:53 Success.
2026-08-23 18:54:53 Latest version is 1.13.7
2026-08-23 18:54:53 App is up to date.
2026-08-23 19:54:53 Checking for update using Github
2026-08-23 19:54:53 Success.
2026-08-23 19:54:53 Latest version is 1.13.7
2026-08-23 19:54:53 App is up to date.
2026-08-23 20:54:53 Checking for update using Github
2026-08-23 20:54:53 Success.
2026-08-23 20:54:53 Latest version is 1.13.7
2026-08-23 20:54:53 App is up to date.
2026-08-23 21:54:53 Checking for update using Github
2026-08-23 21:54:53 Success.
2026-08-23 21:54:53 Latest version is 1.13.7
2026-08-23 21:54:53 App is up to date.
2026-08-23 22:54:53 Checking for update using Github
2026-08-23 22:54:53 Success.
2026-08-23 22:54:53 Latest version is 1.13.7
2026-08-23 22:54:53 App is up to date.
2026-08-24 10:39:17 Loaded updated app /home/espadia/.config/obsidian/obsidian-1.13.7.asar
2026-08-24 10:39:17 Checking for update using Github
2026-08-24 10:39:18 Success.
2026-08-24 10:39:18 Latest version is 1.13.7
2026-08-24 10:39:18 App is up to date.
2026-08-24 11:39:17 Checking for update using Github
2026-08-24 11:39:17 Success.
2026-08-24 11:39:17 Latest version is 1.13.7
2026-08-24 11:39:17 App is up to date.
2026-08-24 12:39:17 Checking for update using Github
2026-08-24 12:39:17 Success.
2026-08-24 12:39:17 Latest version is 1.13.7
2026-08-24 12:39:17 App is up to date.
2026-08-24 13:39:17 Checking for update using Github
2026-08-24 13:39:17 Success.
2026-08-24 13:39:17 Latest version is 1.13.7
2026-08-24 13:39:17 App is up to date.
2026-08-24 14:39:17 Checking for update using Github
2026-08-24 14:39:17 Success.
2026-08-24 14:39:17 Latest version is 1.13.7
2026-08-24 14:39:17 App is up to date.
2026-08-24 15:39:17 Checking for update using Github
2026-08-24 15:39:17 Success.
2026-08-24 15:39:17 Latest version is 1.13.7
2026-08-24 15:39:17 App is up to date.
2026-08-24 16:39:17 Checking for update using Github
2026-08-24 16:39:17 Success.
2026-08-24 16:39:17 Latest version is 1.13.7
2026-08-24 16:39:17 App is up to date.
2026-08-24 17:39:17 Checking for update using Github
2026-08-24 17:39:17 Success.
2026-08-24 17:39:17 Latest version is 1.13.7
2026-08-24 17:39:17 App is up to date.
2026-08-24 18:39:17 Checking for update using Github
2026-08-24 18:39:17 Success.
2026-08-24 18:39:17 Latest version is 1.13.7
2026-08-24 18:39:17 App is up to date.
2026-08-24 19:39:17 Checking for update using Github
2026-08-24 19:39:17 Success.
2026-08-24 19:39:17 Latest version is 1.13.7
2026-08-24 19:39:17 App is up to date.
2026-08-24 20:39:17 Checking for update using Github
2026-08-24 20:39:17 Success.
2026-08-24 20:39:17 Latest version is 1.13.7
2026-08-24 20:39:17 App is up to date.
2026-08-24 21:39:17 Checking for update using Github
2026-08-24 21:39:17 Success.
2026-08-24 21:39:17 Latest version is 1.13.7
2026-08-24 21:39:17 App is up to date.
2026-08-24 22:39:17 Checking for update using Github
2026-08-24 22:39:17 Success.
2026-08-24 22:39:17 Latest version is 1.13.7
2026-08-24 22:39:17 App is up to date.
2026-08-24 23:39:17 Checking for update using Github
2026-08-24 23:39:17 Success.
2026-08-24 23:39:17 Latest version is 1.13.7
2026-08-24 23:39:17 App is up to date.
2026-08-25 11:10:07 Loaded updated app /home/espadia/.config/obsidian/obsidian-1.13.7.asar
2026-08-25 11:10:07 Checking for update using Github
2026-08-25 11:10:07 Success.
2026-08-25 11:10:07 Latest version is 1.13.7
2026-08-25 11:10:07 App is up to date.
2026-08-25 12:10:07 Checking for update using Github
2026-08-25 12:10:07 Success.
2026-08-25 12:10:07 Latest version is 1.13.7
2026-08-25 12:10:07 App is up to date.
2026-08-25 13:10:07 Checking for update using Github
2026-08-25 13:10:07 Success.
2026-08-25 13:10:07 Latest version is 1.13.7
2026-08-25 13:10:07 App is up to date.
2026-08-25 14:10:07 Checking for update using Github
2026-08-25 14:10:07 Success.
2026-08-25 14:10:07 Latest version is 1.13.7
2026-08-25 14:10:07 App is up to date.
2026-08-25 15:10:07 Checking for update using Github
2026-08-25 15:10:07 Success.
2026-08-25 15:10:07 Latest version is 1.13.7
2026-08-25 15:10:07 App is up to date.
2026-08-25 16:10:07 Checking for update using Github
2026-08-25 16:10:07 Success.
2026-08-25 16:10:07 Latest version is 1.13.7
2026-08-25 16:10:07 App is up to date.
2026-08-25 17:10:07 Checking for update using Github
2026-08-25 17:10:07 Success.
2026-08-25 17:10:07 Latest version is 1.13.7
2026-08-25 17:10:07 App is up to date.
2026-08-25 18:10:07 Checking for update using Github
2026-08-25 18:10:07 Success.
2026-08-25 18:10:07 Latest version is 1.13.7
2026-08-25 18:10:07 App is up to date.
2026-08-25 19:10:07 Checking for update using Github
2026-08-25 19:10:07 Success.
2026-08-25 19:10:07 Latest version is 1.13.7
2026-08-25 19:10:07 App is up to date.
2026-08-25 20:10:07 Checking for update using Github
2026-08-25 20:10:07 Success.
2026-08-25 20:10:07 Latest version is 1.13.7
2026-08-25 20:10:07 App is up to date.
2026-08-25 21:10:07 Checking for update using Github
2026-08-25 21:10:07 Success.
2026-08-25 21:10:07 Latest version is 1.13.7
2026-08-25 21:10:07 App is up to date.
2026-08-25 22:10:07 Checking for update using Github
2026-08-25 22:10:07 Success.
2026-08-25 22:10:07 Latest version is 1.13.7
2026-08-25 22:10:07 App is up to date.
2026-08-25 23:10:07 Checking for update using Github
2026-08-25 23:10:07 Success.
2026-08-25 23:10:07 Latest version is 1.13.7
2026-08-25 23:10:07 App is up to date.
2026-08-26 00:10:07 Checking for update using Github
2026-08-26 00:10:07 Success.
2026-08-26 00:10:07 Latest version is 1.13.7
2026-08-26 00:10:07 App is up to date.
2026-08-26 01:10:07 Checking for update using Github
2026-08-26 01:10:07 Success.
2026-08-26 01:10:07 Latest version is 1.13.7
2026-08-26 01:10:07 App is up to date.
2026-08-26 02:10:07 Checking for update using Github
2026-08-26 02:10:07 Success.
2026-08-26 02:10:07 Latest version is 1.13.7
2026-08-26 02:10:07 App is up to date.
2026-08-26 03:10:07 Checking for update using Github
2026-08-26 03:10:07 Success.
2026-08-26 03:10:07 Latest version is 1.13.7
2026-08-26 03:10:07 App is up to date.
2026-08-26 04:10:07 Checking for update using Github
2026-08-26 04:10:07 Success.
2026-08-26 04:10:07 Latest version is 1.13.7
2026-08-26 04:10:07 App is up to date.
2026-08-26 05:10:07 Checking for update using Github
2026-08-26 05:10:07 Success.
2026-08-26 05:10:07 Latest version is 1.13.7
2026-08-26 05:10:07 App is up to date.
2026-08-26 06:10:07 Checking for update using Github
2026-08-26 06:10:07 Success.
2026-08-26 06:10:07 Latest version is 1.13.7
2026-08-26 06:10:07 App is up to date.
2026-08-26 08:23:56 Loaded updated app /home/espadia/.config/obsidian/obsidian-1.13.7.asar
2026-08-26 08:23:56 Checking for update using Github
2026-08-26 08:23:56 Success.
2026-08-26 08:23:56 Latest version is 1.13.7
2026-08-26 08:23:56 App is up to date.
2026-08-26 09:23:56 Checking for update using Github
2026-08-26 09:23:56 Success.
2026-08-26 09:23:56 Latest version is 1.13.7
2026-08-26 09:23:56 App is up to date.
2026-08-26 10:23:56 Checking for update using Github
2026-08-26 10:23:56 Success.
2026-08-26 10:23:56 Latest version is 1.13.7
2026-08-26 10:23:56 App is up to date.
2026-08-26 11:23:56 Checking for update using Github
2026-08-26 11:23:56 Success.
2026-08-26 11:23:56 Latest version is 1.13.7
2026-08-26 11:23:56 App is up to date.
2026-08-26 12:23:56 Checking for update using Github
2026-08-26 12:23:56 Success.
2026-08-26 12:23:56 Latest version is 1.13.7
2026-08-26 12:23:56 App is up to date.
2026-08-26 13:23:56 Checking for update using Github
2026-08-26 13:23:56 Success.
2026-08-26 13:23:56 Latest version is 1.13.7
2026-08-26 13:23:56 App is up to date.
2026-08-26 14:23:56 Checking for update using Github
2026-08-26 14:23:56 Success.
2026-08-26 14:23:56 Latest version is 1.13.7
2026-08-26 14:23:56 App is up to date.
2026-08-26 15:23:56 Checking for update using Github
2026-08-26 15:23:56 Success.
2026-08-26 15:23:56 Latest version is 1.13.7
2026-08-26 15:23:56 App is up to date.
2026-08-26 16:23:56 Checking for update using Github
2026-08-26 16:23:56 Success.
2026-08-26 16:23:56 Latest version is 1.13.7
2026-08-26 16:23:56 App is up to date.
2026-08-26 17:23:56 Checking for update using Github
2026-08-26 17:23:56 Success.
2026-08-26 17:23:56 Latest version is 1.13.7
2026-08-26 17:23:56 App is up to date.
2026-08-26 18:23:56 Checking for update using Github
2026-08-26 18:23:56 Success.
2026-08-26 18:23:56 Latest version is 1.13.7
2026-08-26 18:23:56 App is up to date.
2026-08-26 19:23:56 Checking for update using Github
2026-08-26 19:23:56 Success.
2026-08-26 19:23:56 Latest version is 1.13.7
2026-08-26 19:23:56 App is up to date.
2026-08-26 20:23:56 Checking for update using Github
2026-08-26 20:23:56 Success.
2026-08-26 20:23:56 Latest version is 1.13.7
2026-08-26 20:23:56 App is up to date.
2026-08-26 21:23:56 Checking for update using Github
2026-08-26 21:23:56 Success.
2026-08-26 21:23:56 Latest version is 1.13.7
2026-08-26 21:23:56 App is up to date.
2026-08-26 22:23:56 Checking for update using Github
2026-08-26 22:23:56 Success.
2026-08-26 22:23:56 Latest version is 1.13.7
2026-08-26 22:23:56 App is up to date.
2026-08-26 23:23:56 Checking for update using Github
2026-08-26 23:23:56 Success.
2026-08-26 23:23:56 Latest version is 1.13.7
2026-08-26 23:23:56 App is up to date.
2026-08-27 01:25:59 Loaded updated app /home/espadia/.config/obsidian/obsidian-1.13.7.asar
2026-08-27 01:25:59 Checking for update using Github
2026-08-27 01:25:59 Success.
2026-08-27 01:25:59 Latest version is 1.13.7
2026-08-27 01:25:59 App is up to date.
2026-08-27 02:25:59 Checking for update using Github
2026-08-27 02:25:59 Success.
2026-08-27 02:25:59 Latest version is 1.13.7
2026-08-27 02:25:59 App is up to date.
2026-08-27 03:25:59 Checking for update using Github
2026-08-27 03:25:59 Success.
2026-08-27 03:25:59 Latest version is 1.13.7
2026-08-27 03:25:59 App is up to date.
2026-08-27 18:54:54 Loaded updated app /home/espadia/.config/obsidian/obsidian-1.13.7.asar
2026-08-27 18:54:55 Checking for update using Github
2026-08-27 18:54:55 Success.
2026-08-27 18:54:55 Latest version is 1.13.7
2026-08-27 18:54:55 App is up to date.
2026-08-27 19:54:54 Checking for update using Github
2026-08-27 19:54:54 Success.
2026-08-27 19:54:54 Latest version is 1.13.7
2026-08-27 19:54:54 App is up to date.
2026-08-27 20:54:54 Checking for update using Github
2026-08-27 20:54:54 Success.
2026-08-27 20:54:54 Latest version is 1.13.7
2026-08-27 20:54:54 App is up to date.
2026-08-27 21:54:54 Checking for update using Github
2026-08-27 21:54:54 Success.
2026-08-27 21:54:54 Latest version is 1.13.7
2026-08-27 21:54:54 App is up to date.
2026-08-27 22:54:54 Checking for update using Github
2026-08-27 22:54:54 Success.
2026-08-27 22:54:54 Latest version is 1.13.7
2026-08-27 22:54:54 App is up to date.
2026-08-27 23:54:54 Checking for update using Github
2026-08-27 23:54:54 Success.
2026-08-27 23:54:54 Latest version is 1.13.7
2026-08-27 23:54:54 App is up to date.
2026-08-28 00:54:54 Checking for update using Github
2026-08-28 00:54:54 Success.
2026-08-28 00:54:54 Latest version is 1.13.7
2026-08-28 00:54:54 App is up to date.
2026-08-28 01:54:54 Checking for update using Github
2026-08-28 01:54:54 Success.
2026-08-28 01:54:54 Latest version is 1.13.7
2026-08-28 01:54:54 App is up to date.
2026-08-28 02:54:54 Checking for update using Github
2026-08-28 02:54:54 Success.
2026-08-28 02:54:54 Latest version is 1.13.7
2026-08-28 02:54:54 App is up to date.
2026-08-28 03:54:54 Checking for update using Github
2026-08-28 03:54:54 Success.
2026-08-28 03:54:54 Latest version is 1.13.7
2026-08-28 03:54:54 App is up to date.
2026-08-28 04:54:54 Checking for update using Github
2026-08-28 04:54:54 Success.
2026-08-28 04:54:54 Latest version is 1.13.7
2026-08-28 04:54:54 App is up to date.
2026-08-28 05:54:54 Checking for update using Github
2026-08-28 05:54:54 Success.
2026-08-28 05:54:54 Latest version is 1.13.7
2026-08-28 05:54:54 App is up to date.
2026-08-28 06:54:54 Checking for update using Github
2026-08-28 06:54:54 Success.
2026-08-28 06:54:54 Latest version is 1.13.7
2026-08-28 06:54:54 App is up to date.
2026-08-28 07:54:54 Checking for update using Github
2026-08-28 07:54:54 Success.
2026-08-28 07:54:54 Latest version is 1.13.7
2026-08-28 07:54:54 App is up to date.
2026-08-28 08:54:54 Checking for update using Github
2026-08-28 08:54:54 Success.
2026-08-28 08:54:54 Latest version is 1.13.7
2026-08-28 08:54:54 App is up to date.
2026-08-28 09:54:54 Checking for update using Github
2026-08-28 09:54:54 Success.
2026-08-28 09:54:54 Latest version is 1.13.7
2026-08-28 09:54:54 App is up to date.
2026-08-28 10:54:54 Checking for update using Github
2026-08-28 10:54:54 Success.
2026-08-28 10:54:54 Latest version is 1.13.7
2026-08-28 10:54:54 App is up to date.
2026-08-28 11:54:54 Checking for update using Github
2026-08-28 11:54:54 Success.
2026-08-28 11:54:54 Latest version is 1.13.7
2026-08-28 11:54:54 App is up to date.
2026-08-28 12:54:54 Checking for update using Github
2026-08-28 12:54:54 Success.
2026-08-28 12:54:54 Latest version is 1.13.7
2026-08-28 12:54:54 App is up to date.
2026-08-28 13:54:54 Checking for update using Github
2026-08-28 13:54:54 Success.
2026-08-28 13:54:54 Latest version is 1.13.7
2026-08-28 13:54:54 App is up to date.
2026-08-28 14:54:54 Checking for update using Github
2026-08-28 14:54:55 Success.
2026-08-28 14:54:55 Latest version is 1.13.7
2026-08-28 14:54:55 App is up to date.
2026-08-28 15:54:54 Checking for update using Github
2026-08-28 15:54:54 Success.
2026-08-28 15:54:54 Latest version is 1.13.7
2026-08-28 15:54:54 App is up to date.
2026-08-28 16:54:54 Checking for update using Github
2026-08-28 16:54:54 Success.
2026-08-28 16:54:54 Latest version is 1.13.7
2026-08-28 16:54:54 App is up to date.
2026-08-28 17:54:54 Checking for update using Github
2026-08-28 17:54:54 Success.
2026-08-28 17:54:54 Latest version is 1.13.7
2026-08-28 17:54:54 App is up to date.
2026-08-28 18:54:54 Checking for update using Github
2026-08-28 18:54:54 Success.
2026-08-28 18:54:54 Latest version is 1.13.7
2026-08-28 18:54:54 App is up to date.
2026-08-28 19:54:54 Checking for update using Github
2026-08-28 19:54:54 Success.
2026-08-28 19:54:54 Latest version is 1.13.7
2026-08-28 19:54:54 App is up to date.
2026-08-28 20:54:54 Checking for update using Github
2026-08-28 20:54:54 Success.
2026-08-28 20:54:54 Latest version is 1.13.7
2026-08-28 20:54:54 App is up to date.
2026-08-28 21:54:54 Checking for update using Github
2026-08-28 21:54:54 Success.
2026-08-28 21:54:54 Latest version is 1.13.7
2026-08-28 21:54:54 App is up to date.
2026-08-28 22:54:54 Checking for update using Github
2026-08-28 22:54:54 Success.
2026-08-28 22:54:54 Latest version is 1.13.7
2026-08-28 22:54:54 App is up to date.
2026-08-28 23:54:54 Checking for update using Github
2026-08-28 23:54:54 Success.
2026-08-28 23:54:54 Latest version is 1.13.7
2026-08-28 23:54:54 App is up to date.
2026-08-29 00:54:54 Checking for update using Github
2026-08-29 00:54:54 Success.
2026-08-29 00:54:54 Latest version is 1.13.7
2026-08-29 00:54:54 App is up to date.
2026-08-29 01:54:54 Checking for update using Github
2026-08-29 01:54:54 Success.
2026-08-29 01:54:54 Latest version is 1.13.7
2026-08-29 01:54:54 App is up to date.
2026-08-29 02:54:54 Checking for update using Github
2026-08-29 02:54:54 Success.
2026-08-29 02:54:54 Latest version is 1.13.7
2026-08-29 02:54:54 App is up to date.
2026-08-29 03:54:54 Checking for update using Github
2026-08-29 03:54:54 Success.
2026-08-29 03:54:54 Latest version is 1.13.7
2026-08-29 03:54:54 App is up to date.
2026-08-29 04:54:54 Checking for update using Github
2026-08-29 04:54:54 Success.
2026-08-29 04:54:54 Latest version is 1.13.7
2026-08-29 04:54:54 App is up to date.
2026-08-29 05:54:54 Checking for update using Github
2026-08-29 05:54:54 Success.
2026-08-29 05:54:54 Latest version is 1.13.7
2026-08-29 05:54:54 App is up to date.
2026-08-29 06:54:54 Checking for update using Github
2026-08-29 06:54:54 Success.
2026-08-29 06:54:54 Latest version is 1.13.7
2026-08-29 06:54:54 App is up to date.
2026-08-29 07:54:54 Checking for update using Github
2026-08-29 07:54:54 Success.
2026-08-29 07:54:54 Latest version is 1.13.7
2026-08-29 07:54:54 App is up to date.
2026-08-29 08:54:54 Checking for update using Github
2026-08-29 08:54:55 Success.
2026-08-29 08:54:55 Latest version is 1.13.7
2026-08-29 08:54:55 App is up to date.
2026-08-29 09:54:54 Checking for update using Github
2026-08-29 09:54:54 Success.
2026-08-29 09:54:54 Latest version is 1.13.7
2026-08-29 09:54:54 App is up to date.
2026-08-29 10:54:54 Checking for update using Github
2026-08-29 10:54:54 Success.
2026-08-29 10:54:54 Latest version is 1.13.7
2026-08-29 10:54:54 App is up to date.
2026-08-29 11:54:54 Checking for update using Github
2026-08-29 11:54:54 Success.
2026-08-29 11:54:54 Latest version is 1.13.7
2026-08-29 11:54:54 App is up to date.
2026-08-29 12:54:54 Checking for update using Github
2026-08-29 12:54:54 Success.
2026-08-29 12:54:54 Latest version is 1.13.7
2026-08-29 12:54:54 App is up to date.
2026-08-29 13:54:54 Checking for update using Github
2026-08-29 13:54:54 Success.
2026-08-29 13:54:54 Latest version is 1.13.7
2026-08-29 13:54:54 App is up to date.
2026-08-29 14:54:54 Checking for update using Github
2026-08-29 14:54:54 Success.
2026-08-29 14:54:54 Latest version is 1.13.7
2026-08-29 14:54:54 App is up to date.
2026-08-29 15:54:54 Checking for update using Github
2026-08-29 15:54:55 Success.
2026-08-29 15:54:55 Latest version is 1.13.7
2026-08-29 15:54:55 App is up to date.
2026-08-29 16:54:54 Checking for update using Github
2026-08-29 16:54:54 Success.
2026-08-29 16:54:54 Latest version is 1.13.7
2026-08-29 16:54:54 App is up to date.
2026-08-29 17:54:54 Checking for update using Github
2026-08-29 17:54:54 Success.
2026-08-29 17:54:54 Latest version is 1.13.7
2026-08-29 17:54:54 App is up to date.
2026-08-29 18:54:54 Checking for update using Github
2026-08-29 18:54:54 Success.
2026-08-29 18:54:54 Latest version is 1.13.7
2026-08-29 18:54:54 App is up to date.
2026-08-29 19:54:54 Checking for update using Github
2026-08-29 19:54:55 Success.
2026-08-29 19:54:55 Latest version is 1.13.7
2026-08-29 19:54:55 App is up to date.
2026-08-31 06:57:58 Loaded updated app /home/espadia/.config/obsidian/obsidian-1.13.7.asar
2026-08-31 06:57:58 Checking for update using Github
2026-08-31 06:57:59 Success.
2026-08-31 06:57:59 Latest version is 1.13.7
2026-08-31 06:57:59 App is up to date.
2026-08-31 07:57:58 Checking for update using Github
2026-08-31 07:57:59 Success.
2026-08-31 07:57:59 Latest version is 1.13.7
2026-08-31 07:57:59 App is up to date.
2026-08-31 08:57:58 Checking for update using Github
2026-08-31 08:57:58 Success.
2026-08-31 08:57:58 Latest version is 1.13.7
2026-08-31 08:57:58 App is up to date.
2026-08-31 09:57:58 Checking for update using Github
2026-08-31 09:57:58 Success.
2026-08-31 09:57:58 Latest version is 1.13.7
2026-08-31 09:57:58 App is up to date.
2026-08-31 10:57:58 Checking for update using Github
2026-08-31 10:57:58 Success.
2026-08-31 10:57:58 Latest version is 1.13.7
2026-08-31 10:57:58 App is up to date.
2026-08-31 11:57:58 Checking for update using Github
2026-08-31 11:57:58 Success.
2026-08-31 11:57:58 Latest version is 1.13.7
2026-08-31 11:57:58 App is up to date.
2026-08-31 12:57:58 Checking for update using Github
2026-08-31 12:57:59 Success.
2026-08-31 12:57:59 Latest version is 1.13.7
2026-08-31 12:57:59 App is up to date.
2026-08-31 13:57:58 Checking for update using Github
2026-08-31 13:57:58 Success.
2026-08-31 13:57:58 Latest version is 1.13.7
2026-08-31 13:57:58 App is up to date.
2026-08-31 14:57:58 Checking for update using Github
2026-08-31 14:57:58 Success.
2026-08-31 14:57:58 Latest version is 1.13.7
2026-08-31 14:57:58 App is up to date.
2026-08-31 15:57:58 Checking for update using Github
2026-08-31 15:57:58 Success.
2026-08-31 15:57:58 Latest version is 1.13.7
2026-08-31 15:57:58 App is up to date.
2026-08-31 16:57:58 Checking for update using Github
2026-08-31 16:57:58 Success.
2026-08-31 16:57:58 Latest version is 1.13.7
2026-08-31 16:57:58 App is up to date.
2026-08-31 17:57:58 Checking for update using Github
2026-08-31 17:57:58 Success.
2026-08-31 17:57:58 Latest version is 1.13.7
2026-08-31 17:57:58 App is up to date.
2026-08-31 18:57:58 Checking for update using Github
2026-08-31 18:57:58 Success.
2026-08-31 18:57:58 Latest version is 1.13.7
2026-08-31 18:57:58 App is up to date.
2026-08-31 19:57:58 Checking for update using Github
2026-08-31 19:57:58 Success.
2026-08-31 19:57:58 Latest version is 1.13.7
2026-08-31 19:57:58 App is up to date.
2026-09-01 06:50:25 Loaded updated app /home/espadia/.config/obsidian/obsidian-1.13.7.asar
2026-09-01 06:50:25 Checking for update using Github
2026-09-01 06:50:25 Success.
2026-09-01 06:50:25 Latest version is 1.13.7
2026-09-01 06:50:25 App is up to date.
2026-09-01 07:50:25 Checking for update using Github
2026-09-01 07:50:25 Success.
2026-09-01 07:50:25 Latest version is 1.13.7
2026-09-01 07:50:25 App is up to date.
2026-09-01 08:50:25 Checking for update using Github
2026-09-01 08:50:25 Success.
2026-09-01 08:50:25 Latest version is 1.13.7
2026-09-01 08:50:25 App is up to date.
2026-09-01 09:50:25 Checking for update using Github
2026-09-01 09:50:25 Success.
2026-09-01 09:50:25 Latest version is 1.13.7
2026-09-01 09:50:25 App is up to date.
2026-09-01 10:50:25 Checking for update using Github
2026-09-01 10:50:25 Success.
2026-09-01 10:50:25 Latest version is 1.13.7
2026-09-01 10:50:25 App is up to date.
2026-09-01 11:09:07 Loaded updated app /home/espadia/.config/obsidian/obsidian-1.13.7.asar
2026-09-01 11:09:07 Checking for update using Github
2026-09-01 11:09:07 Success.
2026-09-01 11:09:07 Latest version is 1.13.7
2026-09-01 11:09:07 App is up to date.
2026-09-01 12:31:20 Loaded updated app /home/espadia/.config/obsidian/obsidian-1.13.7.asar
2026-09-01 12:31:20 Checking for update using Github
2026-09-01 12:31:20 Success.
2026-09-01 12:31:20 Latest version is 1.13.7
2026-09-01 12:31:20 App is up to date.
2026-09-01 13:31:20 Checking for update using Github
2026-09-01 13:31:20 Success.
2026-09-01 13:31:20 Latest version is 1.13.7
2026-09-01 13:31:20 App is up to date.
2026-09-01 14:31:20 Checking for update using Github
2026-09-01 14:31:20 Success.
2026-09-01 14:31:20 Latest version is 1.13.7
2026-09-01 14:31:20 App is up to date.
2026-09-01 15:31:20 Checking for update using Github
2026-09-01 15:31:20 Success.
2026-09-01 15:31:20 Latest version is 1.13.7
2026-09-01 15:31:20 App is up to date.
2026-09-01 16:31:20 Checking for update using Github
2026-09-01 16:31:20 Success.
2026-09-01 16:31:20 Latest version is 1.13.7
2026-09-01 16:31:20 App is up to date.
2026-09-01 17:31:20 Checking for update using Github
2026-09-01 17:31:20 Success.
2026-09-01 17:31:20 Latest version is 1.13.7
2026-09-01 17:31:20 App is up to date.
2026-09-01 18:31:20 Checking for update using Github
2026-09-01 18:31:20 Success.
2026-09-01 18:31:20 Latest version is 1.13.7
2026-09-01 18:31:20 App is up to date.
2026-09-01 19:31:20 Checking for update using Github
2026-09-01 19:31:20 Success.
2026-09-01 19:31:20 Latest version is 1.13.7
2026-09-01 19:31:20 App is up to date.
2026-09-02 16:29:55 Loaded updated app /home/espadia/.config/obsidian/obsidian-1.13.7.asar
2026-09-02 16:29:55 Checking for update using Github
2026-09-02 16:29:56 Success.
2026-09-02 16:29:56 Latest version is 1.13.7
2026-09-02 16:29:56 App is up to date.
2026-09-02 17:29:55 Checking for update using Github
2026-09-02 17:29:55 Success.
2026-09-02 17:29:55 Latest version is 1.13.7
2026-09-02 17:29:55 App is up to date.
2026-09-02 18:29:55 Checking for update using Github
2026-09-02 18:29:55 Success.
2026-09-02 18:29:55 Latest version is 1.13.7
2026-09-02 18:29:55 App is up to date.
2026-09-02 19:29:55 Checking for update using Github
2026-09-02 19:29:55 Success.
2026-09-02 19:29:55 Latest version is 1.13.7
2026-09-02 19:29:55 App is up to date.
2026-09-03 04:48:16 Loaded updated app /home/espadia/.config/obsidian/obsidian-1.13.7.asar
2026-09-03 04:48:16 Checking for update using Github
2026-09-03 04:48:16 Success.
2026-09-03 04:48:16 Latest version is 1.13.7
2026-09-03 04:48:16 App is up to date.
2026-09-03 05:48:16 Checking for update using Github
2026-09-03 05:48:16 Success.
2026-09-03 05:48:16 Latest version is 1.13.7
2026-09-03 05:48:16 App is up to date.
2026-09-04 20:25:47 Loaded updated app /home/espadia/.config/obsidian/obsidian-1.13.7.asar
2026-09-04 20:25:47 Checking for update using Github
2026-09-04 20:25:47 Success.
2026-09-04 20:25:47 Latest version is 1.13.7
2026-09-04 20:25:47 App is up to date.
2026-09-05 07:05:09 Loaded updated app /home/espadia/.config/obsidian/obsidian-1.13.7.asar
2026-09-05 07:05:09 Checking for update using Github
2026-09-05 07:05:10 Success.
2026-09-05 07:05:10 Latest version is 1.13.7
2026-09-05 07:05:10 App is up to date.
